// Jest Snapshot v1, https://goo.gl/fbAQLP

exports[`Search component renders a search form 1`] = `
<DocumentFragment>
  <div>
    <section
      class="section"
    >
      <h1
        class="lbh-heading-h1"
      >
        Find repair work order or property
      </h1>
      <div
        class="govuk-form-group lbh-form-group"
      >
        <form>
          <label
            class="govuk-label lbh-label"
            for="input-search"
          >
            Search by work order reference, postcode or address
          </label>
          <input
            class="govuk-input lbh-input govuk-input--width-10"
            id="input-search"
            name="search-name"
            type="text"
            value=""
          />
          <div
            class="govuk-form-group lbh-form-group"
          >
            <button
              class="govuk-button lbh-button"
              data-module="govuk-button"
              type="submit"
            >
              Search
            </button>
          </div>
        </form>
      </div>
    </section>
  </div>
</DocumentFragment>
`;
