// Jest Snapshot v1, https://goo.gl/fbAQLP

exports[`BudgetCode component details the budget code 1`] = `
<DocumentFragment>
  <p
    class="govuk-body govuk-!-margin-bottom-0 lbh-!-font-weight-bold"
  >
    Budget code â€“ Subjective:
    <br />
    externalCostCode - corporateSubjectiveCode descriptionOfWorks
  </p>
</DocumentFragment>
`;
