// Jest Snapshot v1, https://goo.gl/fbAQLP

exports[`ChooseOption component should render properly 1`] = `
<DocumentFragment>
  <a
    class="govuk-back-link"
    role="button"
  >
    Back
  </a>
  <h1
    class="govuk-heading-l"
  >
    Update work order: 00012345
  </h1>
  <form
    role="form"
  >
    <div
      class="govuk-form-group"
    >
      <label
        class="govuk-label govuk-label--m"
        for="options"
      >
        Select process 
      </label>
      <br />
      <div
        class="govuk-radios"
      >
        <div
          class="govuk-radios__item"
        >
          <input
            class="govuk-radios__input"
            id="options_Update"
            name="options"
            type="radio"
            value="Update"
          />
          <label
            class="govuk-label govuk-radios__label"
            for="options_Update"
          >
            Update
          </label>
        </div>
        <div
          class="govuk-radios__item"
        >
          <input
            class="govuk-radios__input"
            id="options_Close job"
            name="options"
            type="radio"
            value="Close job"
          />
          <label
            class="govuk-label govuk-radios__label"
            for="options_Close job"
          >
            Close job
          </label>
        </div>
      </div>
    </div>
    <div
      class="govuk-form-group"
    >
      <button
        class="govuk-button"
        data-module="govuk-button"
        type="submit"
      >
        Next
      </button>
    </div>
  </form>
</DocumentFragment>
`;
