// Jest Snapshot v1, https://goo.gl/fbAQLP

exports[`MobileWorkingCloseWorkOrderForm component should render properly 1`] = `
<DocumentFragment>
  <div>
    <a
      class="govuk-back-link lbh-back-link govuk-!-display-none-print"
      role="button"
    >
      Back
    </a>
    <form
      role="form"
    >
      <div
        style="display: block;"
      >
        <h1
          class="lbh-heading-h2"
        >
          Close work order form
        </h1>
        <div
          class="govuk-form-group lbh-form-group"
        >
          <label
            class="govuk-label govuk-label--s"
            for="reason"
          >
            Select reason for closing 
          </label>
          <div
            class="govuk-radios lbh-radios"
          >
            <div
              class="govuk-radios__item"
            >
              <input
                class="govuk-radios__input"
                data-testid="reason"
                id="reason_Work Order Completed"
                name="reason"
                type="radio"
                value="Work Order Completed"
              />
              <label
                class="govuk-label lbh-label govuk-radios__label"
                for="reason_Work Order Completed"
              >
                Visit completed
              </label>
            </div>
            <div
              class="govuk-radios__conditional"
              id="conditional-contact"
            />
            <div
              class="govuk-radios__item"
            >
              <input
                class="govuk-radios__input"
                data-testid="reason"
                id="reason_No Access"
                name="reason"
                type="radio"
                value="No Access"
              />
              <label
                class="govuk-label lbh-label govuk-radios__label"
                for="reason_No Access"
              >
                No access
              </label>
            </div>
          </div>
        </div>
        <div
          class="govuk-form-group lbh-form-group"
          id="notes-form-group"
        >
          <label
            class="govuk-label lbh-label"
            for="notes"
          >
            Final report 
          </label>
          <textarea
            aria-describedby="notes-hint notes-error"
            class="govuk-textarea lbh-textarea"
            data-testid="notes"
            id="notes"
            name="notes"
            rows="4"
          />
        </div>
        <div
          class="govuk-form-group lbh-form-group"
        >
          <button
            class="govuk-button lbh-button"
            data-module="govuk-button"
            type="submit"
          >
            Close work order
          </button>
        </div>
      </div>
      <div
        style="display: none;"
      >
        <h1
          class="lbh-heading-h2"
        >
          Details of further work required
        </h1>
        <fieldset
          class="govuk-fieldset govuk-!-margin-bottom-2 govuk-!-padding-2 lbh-fieldset"
        >
          <div
            class="lbh-form-group"
          >
            <label
              class="govuk-label govuk-label--m"
              for=""
            >
              Type of work required
            </label>
            <div
              class="govuk-checkboxes__item govuk-!-margin-0 govuk-!-margin-bottom-5"
            >
              <input
                class="govuk-checkboxes__input"
                data-testid="isSameTrade"
                id="isSameTrade"
                name="isSameTrade"
                type="checkbox"
              />
              <label
                class="govuk-label govuk-checkboxes__label lbh-body-xs govuk-!-margin-0"
                for="isSameTrade"
              >
                Same trade
              </label>
            </div>
            <div
              class="govuk-checkboxes__item govuk-!-margin-0 govuk-!-margin-bottom-5"
            >
              <input
                class="govuk-checkboxes__input"
                data-testid="isDifferentTrades"
                id="isDifferentTrades"
                name="isDifferentTrades"
                type="checkbox"
              />
              <label
                class="govuk-label govuk-checkboxes__label lbh-body-xs govuk-!-margin-0"
                for="isDifferentTrades"
              >
                Different trade(s)
              </label>
            </div>
            <div
              class="govuk-checkboxes__item govuk-!-margin-0 govuk-!-margin-bottom-5"
            >
              <input
                class="govuk-checkboxes__input"
                data-testid="isMultipleOperatives"
                id="isMultipleOperatives"
                name="isMultipleOperatives"
                type="checkbox"
              />
              <label
                class="govuk-label govuk-checkboxes__label lbh-body-xs govuk-!-margin-0"
                for="isMultipleOperatives"
              >
                Multiple operatives
              </label>
            </div>
          </div>
        </fieldset>
        <div
          class="govuk-form-group lbh-form-group"
          id="followOnTypeDescription-form-group"
        >
          <label
            class="govuk-label lbh-label"
            for="followOnTypeDescription"
          >
            Describe work required 
          </label>
          <textarea
            aria-describedby="followOnTypeDescription-hint followOnTypeDescription-error"
            class="govuk-textarea lbh-textarea"
            data-testid="followOnTypeDescription"
            id="followOnTypeDescription"
            name="followOnTypeDescription"
            rows="4"
          />
        </div>
        <fieldset>
          <label
            class="govuk-label govuk-label--m"
          >
            Materials
          </label>
          <div
            class="govuk-checkboxes__item govuk-!-margin-0"
          >
            <input
              class="govuk-checkboxes__input"
              data-testid="stockItemsRequired"
              id="stockItemsRequired"
              name="stockItemsRequired"
              type="checkbox"
            />
            <label
              class="govuk-label govuk-checkboxes__label lbh-body-xs govuk-!-margin-0 govuk-!-margin-bottom-5"
              for="stockItemsRequired"
            >
              Stock items required
            </label>
          </div>
          <div
            class="govuk-checkboxes__item govuk-!-margin-0"
          >
            <input
              class="govuk-checkboxes__input"
              data-testid="nonStockItemsRequired"
              id="nonStockItemsRequired"
              name="nonStockItemsRequired"
              type="checkbox"
            />
            <label
              class="govuk-label govuk-checkboxes__label lbh-body-xs govuk-!-margin-0 govuk-!-margin-bottom-5"
              for="nonStockItemsRequired"
            >
              Non stock items required
            </label>
          </div>
        </fieldset>
        <div
          class="govuk-form-group lbh-form-group"
          id="materialNotes-form-group"
        >
          <label
            class="govuk-label lbh-label"
            for="materialNotes"
          >
            Materials required 
          </label>
          <textarea
            aria-describedby="materialNotes-hint materialNotes-error"
            class="govuk-textarea lbh-textarea"
            data-testid="materialNotes"
            id="materialNotes"
            name="materialNotes"
            rows="4"
          />
        </div>
        <div
          class="govuk-form-group lbh-form-group"
          id="additionalNotes-form-group"
        >
          <label
            class="govuk-label lbh-label"
            for="additionalNotes"
          >
            Additional notes 
          </label>
          <textarea
            aria-describedby="additionalNotes-hint additionalNotes-error"
            class="govuk-textarea lbh-textarea"
            data-testid="additionalNotes"
            id="additionalNotes"
            name="additionalNotes"
            rows="4"
          />
        </div>
        <div
          class="govuk-form-group lbh-form-group"
        >
          <button
            class="govuk-button lbh-button"
            data-module="govuk-button"
            type="submit"
          >
            Close work order
          </button>
        </div>
      </div>
    </form>
  </div>
</DocumentFragment>
`;
