// Jest Snapshot v1, https://goo.gl/fbAQLP

exports[`SummaryUpdateJob component should render properly 1`] = `
<DocumentFragment>
  <div>
    <h1
      class="govuk-heading-l"
    >
      Update work order: 10000012
    </h1>
    <form
      id="repair-request-form"
      role="form"
    >
      <p
        class="govuk-heading-s"
      >
        Summary of updates to work order
      </p>
      <p
        class="govuk-heading-s"
      >
        Original Tasks and SORs
      </p>
      <table
        class="govuk-table original-tasks-table"
      >
        <thead
          class="govuk-table__head"
        >
          <tr
            class="govuk-table__row govuk-body"
          >
            <th
              class="govuk-table__header govuk-!-width-one-half"
              scope="col"
            >
              SOR code
            </th>
            <th
              class="govuk-table__header govuk-!-width-one-quarter"
              scope="col"
            >
              Quantity
            </th>
            <th
              class="govuk-table__header govuk-!-width-one-quarter"
              scope="col"
            >
              Cost (unit)
            </th>
            <th
              class="govuk-table__header"
              scope="col"
            />
          </tr>
        </thead>
        <tbody
          class="govuk-table__body"
        >
          <tr
            class="govuk-table__row"
            id="original-task-0"
          >
            <th
              class="govuk-table__header"
              scope="row"
            >
              DES5R006
            </th>
            <td
              class="govuk-table__cell"
            >
              2
            </td>
            <td
              class="govuk-table__cell"
            >
              £10.5
            </td>
          </tr>
        </tbody>
      </table>
      <p
        class="govuk-heading-s"
      >
        Updated Tasks and SORs
      </p>
      <table
        class="govuk-table updated-tasks-table"
      >
        <thead
          class="govuk-table__head"
        >
          <tr
            class="govuk-table__row govuk-body"
          >
            <th
              class="govuk-table__header govuk-!-width-one-half"
              scope="col"
            >
              SOR code
            </th>
            <th
              class="govuk-table__header govuk-!-width-one-quarter"
              scope="col"
            >
              Quantity
            </th>
            <th
              class="govuk-table__header govuk-!-width-one-quarter"
              scope="col"
            >
              Cost (unit)
            </th>
            <th
              class="govuk-table__header"
              scope="col"
            />
          </tr>
        </thead>
        <tbody
          class="govuk-table__body"
        >
          <tr
            class="govuk-table__row"
            id="existing-task-0"
          >
            <th
              class="govuk-table__header"
              scope="row"
            >
              DES5R006
            </th>
            <td
              class="govuk-table__cell"
            >
              3
            </td>
            <td
              class="govuk-table__cell"
            >
              £10.5
            </td>
            <td
              class="govuk-table__cell"
            >
              <a
                href="#"
              >
                Edit
              </a>
            </td>
          </tr>
          <tr
            class="govuk-table__row"
            id="existing-task-1"
          >
            <th
              class="govuk-table__header"
              scope="row"
            >
              DES5R005
            </th>
            <td
              class="govuk-table__cell"
            >
              1
            </td>
            <td
              class="govuk-table__cell"
            >
              £14.5
            </td>
            <td
              class="govuk-table__cell"
            >
              <a
                href="#"
              >
                Edit
              </a>
            </td>
          </tr>
          <tr
            class="govuk-table__row"
            id="added-task-0"
          >
            <th
              class="govuk-table__header"
              scope="row"
            >
              DES5R004
            </th>
            <td
              class="govuk-table__cell"
            >
              2
            </td>
            <td
              class="govuk-table__cell"
            >
              £22.5
            </td>
            <td
              class="govuk-table__cell"
            >
              <a
                href="#"
              >
                Edit
              </a>
            </td>
          </tr>
          <tr
            class="govuk-table__row"
            id="original-cost"
          >
            <th
              scope="row"
            />
            <td
              class="govuk-!-padding-top-3"
            >
              <strong>
                Original cost
              </strong>
            </td>
            <td
              class="govuk-!-padding-top-3"
            >
              £21.00
            </td>
            <td />
          </tr>
          <tr
            class="govuk-table__row"
            id="variation-cost"
          >
            <th
              scope="row"
            />
            <td
              class="govuk-!-padding-top-3"
            >
              <strong>
                Variation cost
              </strong>
            </td>
            <td
              class="govuk-!-padding-top-3"
            >
              £70.00
            </td>
            <td />
          </tr>
          <tr
            class="govuk-table__row"
            id="total-cost"
          >
            <th
              scope="row"
            />
            <td
              class="govuk-!-padding-top-3 border-top-black"
            >
              <strong>
                Total cost
              </strong>
            </td>
            <td
              class="govuk-!-padding-top-3 border-top-black"
            >
              £91.00
            </td>
            <td />
          </tr>
        </tbody>
      </table>
      <div
        class="govuk-form-group"
      >
        <button
          class="govuk-button"
          data-module="govuk-button"
          type="submit"
        >
          Confirm and close
        </button>
      </div>
    </form>
  </div>
</DocumentFragment>
`;
