// Jest Snapshot v1, https://goo.gl/fbAQLP

exports[`WorkOrdersTable component should render properly 1`] = `
<DocumentFragment>
  <div>
    <h1
      class="lbh-heading-h1"
    >
      Manage work orders
    </h1>
    <table
      class="govuk-table lbh-table govuk-!-margin-top-5 govuk-!-width-full hackney-work-order-table"
    >
      <thead
        class="govuk-table__head"
      >
        <tr
          class="govuk-table__row lbh-body"
        >
          <th
            class="govuk-table__header lbh-body-xs"
            scope="col"
          >
            Reference
          </th>
          <th
            class="govuk-table__header lbh-body-xs"
            scope="col"
          >
            Date raised
          </th>
          <th
            class="govuk-table__header lbh-body-xs"
            scope="col"
          >
            Priority
          </th>
          <th
            class="govuk-table__header lbh-body-xs"
            scope="col"
          >
            Property
          </th>
          <th
            class="govuk-table__header lbh-body-xs"
            scope="col"
          >
            Status
          </th>
          <th
            class="govuk-table__header lbh-body-xs"
            scope="col"
          >
            Trade
          </th>
          <th
            class="govuk-table__header lbh-body-xs"
            scope="col"
          >
            Description
          </th>
        </tr>
      </thead>
      <tbody
        class="govuk-table__body"
      >
        <tr
          class="govuk-table__row govuk-table__row--clickable lbh-body-s hackney-work-order-table"
          data-ref="10000012"
        >
          <td
            class="govuk-table__cell lbh-body-xs"
          >
            <a
              class="lbh-link"
              href="/work-orders/10000012"
            >
              10000012
            </a>
          </td>
          <td
            class="govuk-table__cell lbh-body-xs"
          >
            12 Jan 2021
            <div
              class="work-order-hours"
            >
              16:24
            </div>
          </td>
          <td
            class="govuk-table__cell lbh-body-xs"
          >
            2 [E] EMERGENCY
          </td>
          <td
            class="govuk-table__cell lbh-body-xs"
          >
            1 Pitcairn House St Thomass Square
          </td>
          <td
            class="govuk-table__cell"
          >
            <span
              class="govuk-tag lbh-tag lbh-tag--status-in-progress lbh-body-xs work-order-status"
            >
              In progress
            </span>
          </td>
          <td
            class="govuk-table__cell lbh-body-xs"
          >
            Electrical - EL
          </td>
          <td
            class="govuk-table__cell description lbh-body-xs"
          >
            <p
              class="truncate-description truncate-line-5"
            >
              ALPHA- Pitcairn house op stucl behind carpark gates from power network pls remedy AND Communal: Door entry; Residents locked out/in
            </p>
          </td>
        </tr>
      </tbody>
    </table>
    <div
      class="page-navigation govuk-!-padding-bottom-5"
    />
  </div>
</DocumentFragment>
`;
