// Jest Snapshot v1, https://goo.gl/fbAQLP

exports[`AppointmentDetails component Shows a loading state 1`] = `
<DocumentFragment>
  <span
    style="color: rgb(100, 116, 139); font-size: 12px; display: flex; align-items: center; justify-content: flex-start;"
  >
    <svg
      data-testid="spinner-undefined"
      height="20"
      stroke="#00703c"
      viewBox="0 0 42 42"
      width="20"
      xmlns="http://www.w3.org/2000/svg"
    >
      <g
        fill="none"
        fill-rule="evenodd"
      >
        <g
          stroke-width="5"
          transform="translate(3 3)"
        >
          <circle
            cx="18"
            cy="18"
            r="18"
            stroke-opacity=".5"
          />
          <path
            d="M36 18c0-9.94-8.06-18-18-18"
            transform="rotate(112.708 18 18)"
          >
            <animatetransform
              attributeName="transform"
              dur="1s"
              from="0 18 18"
              repeatCount="indefinite"
              to="360 18 18"
              type="rotate"
            />
          </path>
        </g>
      </g>
    </svg>
    <span
      style="margin: 0px 0px 0px 10px;"
    >
      Fetching DRS session...
    </span>
  </span>
</DocumentFragment>
`;

exports[`AppointmentDetails component Shows a success state 1`] = `
<DocumentFragment>
  <a
    class="lbh-link"
    href="undefined&sessionId=schedulerSessionId"
    rel="noopener"
    target="_blank"
  >
    <strong>
      Open DRS
    </strong>
     to book an appointment
  </a>
</DocumentFragment>
`;

exports[`AppointmentDetails component Shows an error state 1`] = `
<DocumentFragment>
  <span
    class="govuk-error-message lbh-error-message"
    data-error-id=""
    data-testid="error-message"
  >
    <span
      class="govuk-visually-hidden"
    >
      Error:
    </span>
     Some error occured
  </span>
</DocumentFragment>
`;
