// Jest Snapshot v1, https://goo.gl/fbAQLP

exports[`TasksAndSorsTable component should render properly 1`] = `
<DocumentFragment>
  <h2
    class="lbh-heading-h2"
  >
    Tasks and SORs
  </h2>
  <h4
    class="lbh-heading-h4"
  >
    Latest Tasks and SORs Added on 3 Feb 2021, 11:33
  </h4>
  <table
    class="govuk-table lbh-table govuk-!-margin-top-5 latest-tasks-and-sors-table"
  >
    <thead
      class="govuk-table__head"
    >
      <tr
        class="govuk-table__row lbh-body"
      >
        <th
          class="govuk-table__header"
          scope="col"
        >
          SOR
        </th>
        <th
          class="govuk-table__header"
          scope="col"
        >
          Description
        </th>
        <th
          class="govuk-table__header"
          scope="col"
        >
          Quantity (est.)
        </th>
        <th
          class="govuk-table__header govuk-table__header--numeric"
          scope="col"
        >
          Unit cost
        </th>
        <th
          class="govuk-table__header govuk-table__header--numeric"
          scope="col"
        >
          Cost (est.)
        </th>
        <th
          class="govuk-table__header govuk-table__header--numeric"
          scope="col"
        >
          Total SMV
        </th>
      </tr>
    </thead>
    <tbody
      class="govuk-table__body"
    >
      <tr
        class="govuk-table__row lbh-body-s"
        data-row-id="0"
      >
        <td
          class="govuk-table__cell"
        >
          DES5R006
        </td>
        <td
          class="govuk-table__cell"
        >
          Urgent call outs
        </td>
        <td
          class="govuk-table__cell"
        >
          2
        </td>
        <td
          class="govuk-table__cell govuk-table__cell--numeric"
        >
          £20.15
        </td>
        <td
          class="govuk-table__cell govuk-table__cell--numeric"
        >
          £40.30
        </td>
        <td
          class="govuk-table__cell govuk-table__cell--numeric"
        >
           50
        </td>
      </tr>
      <tr
        class="govuk-table__row lbh-body-s"
        data-row-id="1"
      >
        <td
          class="govuk-table__cell"
        >
          DES5R005
        </td>
        <td
          class="govuk-table__cell"
        >
          Normal call outs
        </td>
        <td
          class="govuk-table__cell"
        >
          4
        </td>
        <td
          class="govuk-table__cell govuk-table__cell--numeric"
        >
          £1.4
        </td>
        <td
          class="govuk-table__cell govuk-table__cell--numeric"
        >
          £5.60
        </td>
        <td
          class="govuk-table__cell govuk-table__cell--numeric"
        >
           120
        </td>
      </tr>
      <tr
        class="govuk-table__row lbh-body-s"
        data-row-id="2"
      >
        <td
          class="govuk-table__cell"
        >
          DES5R013
        </td>
        <td
          class="govuk-table__cell"
        >
          Inspect additional sec entrance
        </td>
        <td
          class="govuk-table__cell"
        >
          5
        </td>
        <td
          class="govuk-table__cell govuk-table__cell--numeric"
        >
          £7.31
        </td>
        <td
          class="govuk-table__cell govuk-table__cell--numeric"
        >
          £36.55
        </td>
        <td
          class="govuk-table__cell govuk-table__cell--numeric"
        >
           75
        </td>
      </tr>
      <tr
        class="govuk-table__row lbh-body-s"
      >
        <td
          class="govuk-table__cell"
        />
        <td
          class="govuk-table__cell"
        />
        <td
          class="govuk-table__cell"
        />
        <td
          class="govuk-table__cell govuk-table__cell--numeric"
        >
          <strong>
            Total
          </strong>
        </td>
        <td
          class="govuk-table__cell govuk-table__cell--numeric"
        >
          <strong>
            £ 82.45
          </strong>
        </td>
        <td
          class="govuk-table__cell govuk-table__cell--numeric"
        >
          <strong>
            245
          </strong>
        </td>
      </tr>
    </tbody>
  </table>
</DocumentFragment>
`;
