// Jest Snapshot v1, https://goo.gl/fbAQLP

exports[`Contractors list item component should render the component 1`] = `
<DocumentFragment>
  <li
    class="govuk-!-margin-top-3 operative-work-order-list-item"
    style="cursor: pointer; border: 5px solid #00664f; border-radius: 20px; width: 85%;"
  >
    <div
      class="contract-details"
    >
      <h3
        class="lbh-heading-h3 lbh-!-font-weight-bold govuk-!-margin-bottom-1"
      >
        Sycous Limited
      </h3>
    </div>
    <div
      class="govuk-!-margin-0"
    >
      <span
        class="arrow right"
      />
    </div>
  </li>
</DocumentFragment>
`;
