// Jest Snapshot v1, https://goo.gl/fbAQLP

exports[`Contractors list items component should render active contracts with relevant fields 1`] = `
<DocumentFragment>
  <h3
    class="lbh-heading-h3 lbh-!-font-weight-bold govuk-!-margin-bottom-1"
  >
    Active Contracts:
  </h3>
  <ol
    data-test-id="active-contracts-list"
    style="display: grid; grid-template-columns: repeat(auto-fill, 10rem); gap: 1rem; list-style: none; padding: 0px; margin: 0px;"
  >
    <li
      data-id="0"
      style="border: 5px solid #00664f; border-radius: 20px; box-sizing: border-box; padding: 1rem; display: flex; margin-top: 1rem; justify-content: center;"
    >
      <div
        class="contract-details"
      >
        <h5
          style="white-space: nowrap;"
        >
          127-127-1277
        </h5>
        <p>
          <span
            style="font-weight: 600;"
          >
            Sum of SORs:
          </span>
           £0.00
        </p>
        <p>
          <span
            style="font-weight: 600;"
          >
            SOR Count:
          </span>
           0
        </p>
        <p>
          <span
            style="font-weight: 600;"
          >
            Expires: 
          </span>
          9 Jan 2026
        </p>
      </div>
    </li>
    <li
      data-id="1"
      style="border: 5px solid #00664f; border-radius: 20px; box-sizing: border-box; padding: 1rem; display: flex; margin-top: 1rem; justify-content: center;"
    >
      <div
        class="contract-details"
      >
        <h5
          style="white-space: nowrap;"
        >
          128-128-1288
        </h5>
        <p>
          <span
            style="font-weight: 600;"
          >
            Sum of SORs:
          </span>
           £5,958.38
        </p>
        <p>
          <span
            style="font-weight: 600;"
          >
            SOR Count:
          </span>
           34
        </p>
        <p>
          <span
            style="font-weight: 600;"
          >
            Expires: 
          </span>
          9 Jan 2026
        </p>
      </div>
    </li>
    <li
      data-id="2"
      style="border: 5px solid #00664f; border-radius: 20px; box-sizing: border-box; padding: 1rem; display: flex; margin-top: 1rem; justify-content: center;"
    >
      <div
        class="contract-details"
      >
        <h5
          style="white-space: nowrap;"
        >
          129-129-1299
        </h5>
        <p>
          <span
            style="font-weight: 600;"
          >
            Sum of SORs:
          </span>
           £544,898.23
        </p>
        <p>
          <span
            style="font-weight: 600;"
          >
            SOR Count:
          </span>
           3441
        </p>
        <p>
          <span
            style="font-weight: 600;"
          >
            Expires: 
          </span>
          9 Jan 2026
        </p>
      </div>
    </li>
    <li
      data-id="3"
      style="border: 5px solid #00664f; border-radius: 20px; box-sizing: border-box; padding: 1rem; display: flex; margin-top: 1rem; justify-content: center;"
    >
      <div
        class="contract-details"
      >
        <h5
          style="white-space: nowrap;"
        >
          130-130-1300
        </h5>
        <p>
          <span
            style="font-weight: 600;"
          >
            Sum of SORs:
          </span>
           £573,623.97
        </p>
        <p>
          <span
            style="font-weight: 600;"
          >
            SOR Count:
          </span>
           3443
        </p>
        <p>
          <span
            style="font-weight: 600;"
          >
            Expires: 
          </span>
          9 Jan 2026
        </p>
      </div>
    </li>
    <li
      data-id="4"
      style="border: 5px solid #00664f; border-radius: 20px; box-sizing: border-box; padding: 1rem; display: flex; margin-top: 1rem; justify-content: center;"
    >
      <div
        class="contract-details"
      >
        <h5
          style="white-space: nowrap;"
        >
          131-131-1311
        </h5>
        <p>
          <span
            style="font-weight: 600;"
          >
            Sum of SORs:
          </span>
           £143,393.57
        </p>
        <p>
          <span
            style="font-weight: 600;"
          >
            SOR Count:
          </span>
           904
        </p>
        <p>
          <span
            style="font-weight: 600;"
          >
            Expires: 
          </span>
          9 Jan 2026
        </p>
      </div>
    </li>
    <li
      data-id="5"
      style="border: 5px solid #00664f; border-radius: 20px; box-sizing: border-box; padding: 1rem; display: flex; margin-top: 1rem; justify-content: center;"
    >
      <div
        class="contract-details"
      >
        <h5
          style="white-space: nowrap;"
        >
          132-132-1322
        </h5>
        <p>
          <span
            style="font-weight: 600;"
          >
            Sum of SORs:
          </span>
           £56.74
        </p>
        <p>
          <span
            style="font-weight: 600;"
          >
            SOR Count:
          </span>
           2
        </p>
        <p>
          <span
            style="font-weight: 600;"
          >
            Expires: 
          </span>
          9 Jan 2026
        </p>
      </div>
    </li>
  </ol>
</DocumentFragment>
`;

exports[`Contractors list items component should render contracts that expire in two months with relevant fields 1`] = `
<DocumentFragment>
  <h3
    class="lbh-heading-h3 lbh-!-font-weight-bold govuk-!-margin-bottom-1"
  >
    Contracts due to expire soon:
  </h3>
  <div
    style="width: 90%;"
  >
    <div
      class="warning-info-box govuk-inset-text lbh-inset-text"
      data-testid="no-contracts-found"
    >
      <div
        class="lbh-warning-text govuk-warning-text"
      >
        <span
          aria-hidden="true"
          class="govuk-warning-text__icon"
        >
          !
        </span>
        <div
          class="govuk-warning-text__text"
        >
          <span
            class="govuk-warning-text__assistive"
          >
            Warning
          </span>
          <p
            class="govuk-!-margin-top-0 lbh-body-s lbh-!-font-weight-bold"
          >
            No contracts found!
          </p>
          <p
            class="lbh-body-xs govuk-!-margin-top-1"
          >
            No contracts expiring in the next two months.
          </p>
        </div>
      </div>
    </div>
  </div>
</DocumentFragment>
`;

exports[`Contractors list items component should render inactive contracts with relevant fields 1`] = `
<DocumentFragment>
  <h3
    class="lbh-heading-h3 lbh-!-font-weight-bold govuk-!-margin-bottom-1"
  >
    Inactive Contracts:
  </h3>
  <ol
    data-test-id="active-contracts-list"
    style="display: grid; grid-template-columns: repeat(auto-fill, 10rem); gap: 1rem; list-style: none; padding: 0px; margin: 0px;"
  >
    <li
      data-id="0"
      style="border: 5px solid #00664f; border-radius: 20px; box-sizing: border-box; padding: 1rem; display: flex; margin-top: 1rem; justify-content: center;"
    >
      <div
        class="contract-details"
      >
        <h5
          style="white-space: nowrap;"
        >
          111-111-1111
        </h5>
        <p>
          <span
            style="font-weight: 600;"
          >
            Sum of SORs:
          </span>
           £5,958.38
        </p>
        <p>
          <span
            style="font-weight: 600;"
          >
            SOR Count:
          </span>
           20
        </p>
        <p>
          <span
            style="font-weight: 600;"
          >
            Expired: 
          </span>
          31 Mar 2015
        </p>
      </div>
    </li>
    <li
      data-id="1"
      style="border: 5px solid #00664f; border-radius: 20px; box-sizing: border-box; padding: 1rem; display: flex; margin-top: 1rem; justify-content: center;"
    >
      <div
        class="contract-details"
      >
        <h5
          style="white-space: nowrap;"
        >
          122-122-1222
        </h5>
        <p>
          <span
            style="font-weight: 600;"
          >
            Sum of SORs:
          </span>
           £5,958.38
        </p>
        <p>
          <span
            style="font-weight: 600;"
          >
            SOR Count:
          </span>
           20
        </p>
        <p>
          <span
            style="font-weight: 600;"
          >
            Expired: 
          </span>
          31 Mar 2015
        </p>
      </div>
    </li>
    <li
      data-id="2"
      style="border: 5px solid #00664f; border-radius: 20px; box-sizing: border-box; padding: 1rem; display: flex; margin-top: 1rem; justify-content: center;"
    >
      <div
        class="contract-details"
      >
        <h5
          style="white-space: nowrap;"
        >
          133-133-1388
        </h5>
        <p>
          <span
            style="font-weight: 600;"
          >
            Sum of SORs:
          </span>
           £5,958.38
        </p>
        <p>
          <span
            style="font-weight: 600;"
          >
            SOR Count:
          </span>
           20
        </p>
        <p>
          <span
            style="font-weight: 600;"
          >
            Expired: 
          </span>
          9 May 2025
        </p>
      </div>
    </li>
    <li
      data-id="3"
      style="border: 5px solid #00664f; border-radius: 20px; box-sizing: border-box; padding: 1rem; display: flex; margin-top: 1rem; justify-content: center;"
    >
      <div
        class="contract-details"
      >
        <h5
          style="white-space: nowrap;"
        >
          144-144-1444
        </h5>
        <p>
          <span
            style="font-weight: 600;"
          >
            Sum of SORs:
          </span>
           £5,958.38
        </p>
        <p>
          <span
            style="font-weight: 600;"
          >
            SOR Count:
          </span>
           20
        </p>
        <p>
          <span
            style="font-weight: 600;"
          >
            Expired: 
          </span>
          9 May 2025
        </p>
      </div>
    </li>
    <li
      data-id="4"
      style="border: 5px solid #00664f; border-radius: 20px; box-sizing: border-box; padding: 1rem; display: flex; margin-top: 1rem; justify-content: center;"
    >
      <div
        class="contract-details"
      >
        <h5
          style="white-space: nowrap;"
        >
          155-155-1555
        </h5>
        <p>
          <span
            style="font-weight: 600;"
          >
            Sum of SORs:
          </span>
           £5,958.38
        </p>
        <p>
          <span
            style="font-weight: 600;"
          >
            SOR Count:
          </span>
           20
        </p>
        <p>
          <span
            style="font-weight: 600;"
          >
            Expired: 
          </span>
          9 May 2025
        </p>
      </div>
    </li>
  </ol>
</DocumentFragment>
`;
