// Jest Snapshot v1, https://goo.gl/fbAQLP

exports[`OperativeWorkOrderDetails component when on operative-index-page should render properly work order 1`] = `
<DocumentFragment>
  <div
    class="govuk-panel govuk-panel--confirmation lbh-panel appointment-info"
  >
    <h3
      class="lbh-heading-h3"
    >
      Friday, 3 September
      <br />
      08:00-13:00
    </h3>
  </div>
  <a
    class="govuk-back-link lbh-back-link govuk-!-display-none-print"
    role="button"
  >
    Back
  </a>
  <div
    class="govuk-grid-row undefined"
  >
    <div
      class="govuk-grid-column-one-half"
    >
      <div
        class="lbh-heading-h3"
      >
        WO 10000621
      </div>
    </div>
    <div
      class="govuk-grid-column-one-half align-grid-column"
    >
      <div
        class="lbh-body"
      >
         Normal
      </div>
    </div>
  </div>
  <div
    class="lbh-heading-h3"
  >
    Description
  </div>
  <p
    class="govuk-body"
  >
    r
  </p>
  <div
    class="govuk-grid-row undefined"
  >
    <div
      class="govuk-grid-column-one-half"
    >
      <div
        class="lbh-heading-h3"
      >
        Caut. contact
      </div>
    </div>
    <div
      class="govuk-grid-column-one-half align-grid-column"
    >
      <div
        class="govuk-warning-text lbh-warning-text"
      >
        <span
          aria-hidden="true"
          class="govuk-warning-text__icon person-alert--icon"
        >
          !
        </span>
        <strong
          class="govuk-warning-text__text person-alert--text"
        >
          DIS
        </strong>
      </div>
    </div>
  </div>
  <div
    class="govuk-grid-row undefined"
  >
    <div
      class="govuk-grid-column-one-half"
    >
      <div
        class="lbh-heading-h3"
      >
        Address
      </div>
    </div>
    <div
      class="govuk-grid-column-one-half align-grid-column"
    >
      <div
        class="lbh-body"
      >
        16 Pitcairn House  St Thomass Square E9 6PT
      </div>
    </div>
  </div>
  <div
    class="govuk-grid-row undefined"
  >
    <div
      class="govuk-grid-column-one-half"
    >
      <div
        class="lbh-heading-h3"
      >
        Contact
      </div>
    </div>
    <div
      class="govuk-grid-column-one-half align-grid-column"
    >
      <div
        class="lbh-body"
      >
        Test Testerson
      </div>
    </div>
  </div>
  <div
    class="govuk-grid-row undefined"
  >
    <div
      class="govuk-grid-column-one-half"
    >
      <div
        class="lbh-heading-h3"
      >
        Telephone no
      </div>
    </div>
    <div
      class="govuk-grid-column-one-half align-grid-column"
    >
      <div
        class="lbh-body"
      >
        07856432
      </div>
    </div>
  </div>
  <div
    class="govuk-grid-row undefined"
  >
    <div
      class="govuk-grid-column-one-half"
    >
      <div
        class="lbh-heading-h3"
      >
        Comment
      </div>
    </div>
    <div
      class="govuk-grid-column-one-half align-grid-column"
    >
      <div
        class="lbh-body"
      >
        School run
      </div>
    </div>
  </div>
</DocumentFragment>
`;
