// Jest Snapshot v1, https://goo.gl/fbAQLP

exports[`OperativeWorkOrderListItem component should render operativeWorkOrderListItem 1`] = `
<DocumentFragment>
  <li
    class="govuk-!-margin-top-3 operative-work-order-list-item operative-work-order-list-item--active"
    data-id="0"
  >
    <div
      class="appointment-details"
    >
      <div>
        <h3
          class="lbh-heading-h3 lbh-!-font-weight-bold govuk-!-margin-0 govuk-!-display-inline"
        >
          08:00 â€“ 13:00
        </h3>
      </div>
      <p
        class="lbh-body lbh-!-font-weight-bold govuk-!-margin-0 govuk-!-margin-bottom-2 capitalize"
      >
        normal
      </p>
      <h3
        class="lbh-heading-h3 lbh-!-font-weight-bold govuk-!-margin-0 govuk-!-display-inline"
      >
        WO 10000621
      </h3>
      <p
        class="lbh-body govuk-!-margin-0"
      >
        17 Pitcairn House  St Thomass Square
      </p>
      <p
        class="lbh-body govuk-!-margin-0 govuk-!-margin-bottom-8"
      >
        L53 GS
      </p>
      <p
        class="lbh-body govuk-!-margin-0 truncate-description truncate-line-3"
      >
        Lorem ipsum dolor sit amet, consectetur efficitur.
      </p>
    </div>
    <div
      class="govuk-!-margin-0"
    >
      <span
        class="arrow right"
      />
    </div>
  </li>
</DocumentFragment>
`;
