// Jest Snapshot v1, https://goo.gl/fbAQLP

exports[`TenureDetail component with TMO name should render properly 1`] = `
<DocumentFragment>
  <li
    class="bg-orange"
  >
    TMO: Test address TMO
  </li>
</DocumentFragment>
`;
