// Jest Snapshot v1, https://goo.gl/fbAQLP

exports[`RaiseRepairForm component should render properly 1`] = `
<DocumentFragment>
  <a
    class="govuk-back-link lbh-back-link"
    role="button"
  >
    Back
  </a>
  <div
    class="govuk-grid-row"
  >
    <div
      class="govuk-grid-column-two-thirds"
    >
      <span
        class="govuk-caption-l"
      >
        New repair
      </span>
      <h1
        class="lbh-heading-l govuk-!-margin-bottom-2"
      >
        Dwelling: 16 Pitcairn House
      </h1>
      <div
        class="govuk-body-s"
      >
        <ul
          class="hackney-property-alerts"
        >
          <li
            class="bg-turquoise"
          >
            Tenure: Secure
          </li>
          <li
            class="bg-orange"
          >
            Address Alert:  (
            <strong />
            )
          </li>
          <li
            class="bg-orange"
          >
            Contact Alert:  (
            <strong />
            )
          </li>
        </ul>
      </div>
      <h2
        class="lbh-heading-h2 govuk-!-margin-top-6"
      >
        Repair task details
      </h2>
      <form
        id="repair-request-form"
        role="form"
      >
        <div
          class="govuk-form-group lbh-form-group"
          id="trade-form-group"
        >
          <label
            class="govuk-label lbh-label"
            for="trade"
          >
            Trade 
            <span
              class="govuk-required"
            >
              *
            </span>
          </label>
          <input
            autocomplete="off"
            class="govuk-select lbh-select govuk-!-width-one-half"
            data-testid="trade"
            id="trade"
            list="autocomplete-list-trade"
            name="trade"
          />
          <datalist
            id="autocomplete-list-trade"
          >
            <option
              value="DOOR ENTRY ENGINEER - DE"
            />
            <option
              value="Plumbing - PL"
            />
          </datalist>
        </div>
        <input
          id="tradeCode"
          name="tradeCode"
          type="hidden"
          value=""
        />
        <div
          class="min-height-100"
        >
          <div
            class="govuk-form-group lbh-form-group"
            id="contractor-form-group"
          >
            <label
              class="govuk-label lbh-label"
              for="contractor"
            >
              Contractor 
              <span
                class="govuk-required"
              >
                *
              </span>
            </label>
            <select
              class="govuk-select lbh-select govuk-!-width-one-half"
              data-testid="contractor"
              disabled=""
              id="contractor"
              name="contractor"
            >
              <option
                value=""
              />
            </select>
          </div>
        </div>
        <input
          id="contractorRef"
          name="contractorRef"
          type="hidden"
          value=""
        />
        <div
          class="min-height-120 govuk-!-margin-bottom-6"
        >
          <div>
            <div
              class="govuk-grid-row rate-schedule-item display-flex align-items-center position-relative"
              id="rate-schedule-item-0"
            >
              <div
                class="govuk-grid-column-two-thirds"
              >
                <div
                  class="govuk-form-group lbh-form-group"
                  id="rateScheduleItems[0][code]-form-group"
                >
                  <label
                    class="govuk-label lbh-label"
                    for="rateScheduleItems[0][code]"
                  >
                    SOR Code 
                    <span
                      class="govuk-required"
                    >
                      *
                    </span>
                  </label>
                  <select
                    class="govuk-select lbh-select govuk-!-width-full"
                    data-testid="rateScheduleItems[0][code]"
                    disabled=""
                    id="rateScheduleItems[0][code]"
                    name="rateScheduleItems[0][code]"
                  >
                    <option
                      selected=""
                      value=""
                    />
                  </select>
                </div>
                <input
                  id="rateScheduleItems[0][description]"
                  name="rateScheduleItems[0][description]"
                  type="hidden"
                />
                <input
                  id="rateScheduleItems[0][cost]"
                  name="rateScheduleItems[0][cost]"
                  type="hidden"
                  value=""
                />
              </div>
              <div
                class="govuk-grid-column-one-third"
              >
                <div
                  class="govuk-form-group lbh-form-group"
                  id="rateScheduleItems[0][quantity]-form-group"
                >
                  <label
                    class="govuk-label lbh-label"
                    for="rateScheduleItems[0][quantity]"
                  >
                    Quantity 
                    <span
                      class="govuk-required"
                    >
                      *
                    </span>
                  </label>
                  <input
                    class="govuk-input lbh-input govuk-!-width-full"
                    disabled=""
                    id="rateScheduleItems[0][quantity]"
                    name="rateScheduleItems[0][quantity]"
                    type="text"
                    value=""
                  />
                </div>
              </div>
            </div>
            <a
              class="repairs-hub-link govuk-body-s"
              href="#"
            >
              + Add another SOR code
            </a>
          </div>
        </div>
        <div
          class="govuk-form-group lbh-form-group"
          id="priorityDescription-form-group"
        >
          <label
            class="govuk-label lbh-label"
            for="priorityDescription"
          >
            Task priority 
            <span
              class="govuk-required"
            >
              *
            </span>
          </label>
          <select
            class="govuk-select lbh-select govuk-!-width-full"
            data-testid="priorityDescription"
            disabled=""
            id="priorityDescription"
            name="priorityDescription"
          >
            <option
              value=""
            />
            <option
              value="1 [I] IMMEDIATE"
            >
              1 [I] IMMEDIATE
            </option>
            <option
              value="2 [E] EMERGENCY"
            >
              2 [E] EMERGENCY
            </option>
            <option
              value="4 [U] URGENT"
            >
              4 [U] URGENT
            </option>
            <option
              value="5 [N] NORMAL"
            >
              5 [N] NORMAL
            </option>
          </select>
        </div>
        <input
          id="priorityCode"
          label="priorityCode"
          name="priorityCode"
          type="hidden"
          value=""
        />
        <div
          class="govuk-form-group lbh-form-group"
          id="descriptionOfWork-form-group"
        >
          <label
            class="govuk-label lbh-label"
            for="descriptionOfWork"
          >
            Repair description 
            <span
              class="govuk-required"
            >
              *
            </span>
          </label>
          <textarea
            aria-describedby="descriptionOfWork-hint descriptionOfWork-error"
            class="govuk-textarea lbh-textarea"
            id="descriptionOfWork"
            name="descriptionOfWork"
            rows="4"
          />
        </div>
        <span
          class="govuk-hint govuk-!-margin-bottom-6"
        >
          You have 250 characters remaining.
        </span>
        <input
          id="propertyReference"
          label="propertyReference"
          name="propertyReference"
          type="hidden"
          value="00012345"
        />
        <input
          id="shortAddress"
          label="shortAddress"
          name="shortAddress"
          type="hidden"
          value="16 Pitcairn House  St Thomass Square"
        />
        <div
          class="govuk-warning-text lbh-warning-text"
        >
          <span
            aria-hidden="true"
            class="govuk-warning-text__icon"
          >
            !
          </span>
          <strong
            class="govuk-warning-text__text"
          >
            <span
              class="govuk-warning-text__assistive"
            >
              Warning
            </span>
            No contact details available for this property
          </strong>
        </div>
        <div
          class="govuk-form-group lbh-form-group"
          id="callerName-form-group"
        >
          <label
            class="govuk-label lbh-label"
            for="callerName"
          >
            Caller name 
          </label>
          <input
            class="govuk-input lbh-input undefined"
            id="callerName"
            name="callerName"
            type="text"
            value=""
          />
        </div>
        <div
          class="govuk-form-group lbh-form-group"
          id="contactNumber-form-group"
        >
          <label
            class="govuk-label lbh-label"
            for="contactNumber"
          >
            Contact number 
          </label>
          <input
            class="govuk-input lbh-input undefined"
            id="contactNumber"
            name="contactNumber"
            type="text"
            value=""
          />
        </div>
        <div
          class="govuk-form-group lbh-form-group"
        >
          <button
            class="govuk-button lbh-button"
            data-module="govuk-button"
            type="submit"
          >
            Create works order
          </button>
        </div>
      </form>
    </div>
  </div>
</DocumentFragment>
`;
