// Jest Snapshot v1, https://goo.gl/fbAQLP

exports[`PropertyBoilerHouseDetails shows an error message when request fails 1`] = `
<DocumentFragment>
  <span
    class="govuk-error-message lbh-error-message"
    data-error-id=""
    data-testid="error-message"
  >
    <span
      class="govuk-visually-hidden"
    >
      Error:
    </span>
     Error loading boiler house details status 404 with message: error message
  </span>
</DocumentFragment>
`;

exports[`PropertyBoilerHouseDetails shows boiler house details 1`] = `
<DocumentFragment>
  <li
    class="bg-dark-green"
    data-testid="boiler-house-details"
  >
    BoilerHouse: 
    <a
      class="govuk-link"
      data-testid="boiler-house-details-link"
      href="/properties/00023404"
      style="color: white;"
    >
      16 Pitcairn House St Thomass Square
    </a>
  </li>
</DocumentFragment>
`;
